// Jest Snapshot v1, https://goo.gl/fbAQLP

exports[`<Counter /> should match the snapshot 1`] = `<div />`;
